&&&& RUNNING TensorRT.trtexec [TensorRT v8502] # /usr/src/tensorrt/bin/trtexec --loadEngine=test_best_fp32.engine --shapes=input:1x3x256x256
[10/03/2026-17:15:42] [I] === Model Options ===
[10/03/2026-17:15:42] [I] Format: *
[10/03/2026-17:15:42] [I] Model: 
[10/03/2026-17:15:42] [I] Output:
[10/03/2026-17:15:42] [I] === Build Options ===
[10/03/2026-17:15:42] [I] Max batch: explicit batch
[10/03/2026-17:15:42] [I] Memory Pools: workspace: default, dlaSRAM: default, dlaLocalDRAM: default, dlaGlobalDRAM: default
[10/03/2026-17:15:42] [I] minTiming: 1
[10/03/2026-17:15:42] [I] avgTiming: 8
[10/03/2026-17:15:42] [I] Precision: FP32
[10/03/2026-17:15:42] [I] LayerPrecisions: 
[10/03/2026-17:15:42] [I] Calibration: 
[10/03/2026-17:15:42] [I] Refit: Disabled
[10/03/2026-17:15:42] [I] Sparsity: Disabled
[10/03/2026-17:15:42] [I] Safe mode: Disabled
[10/03/2026-17:15:42] [I] DirectIO mode: Disabled
[10/03/2026-17:15:42] [I] Restricted mode: Disabled
[10/03/2026-17:15:42] [I] Build only: Disabled
[10/03/2026-17:15:42] [I] Save engine: 
[10/03/2026-17:15:42] [I] Load engine: test_best_fp32.engine
[10/03/2026-17:15:42] [I] Profiling verbosity: 0
[10/03/2026-17:15:42] [I] Tactic sources: Using default tactic sources
[10/03/2026-17:15:42] [I] timingCacheMode: local
[10/03/2026-17:15:42] [I] timingCacheFile: 
[10/03/2026-17:15:42] [I] Heuristic: Disabled
[10/03/2026-17:15:42] [I] Preview Features: Use default preview flags.
[10/03/2026-17:15:42] [I] Input(s)s format: fp32:CHW
[10/03/2026-17:15:42] [I] Output(s)s format: fp32:CHW
[10/03/2026-17:15:42] [I] Input build shape: input=1x3x256x256+1x3x256x256+1x3x256x256
[10/03/2026-17:15:42] [I] Input calibration shapes: model
[10/03/2026-17:15:42] [I] === System Options ===
[10/03/2026-17:15:42] [I] Device: 0
[10/03/2026-17:15:42] [I] DLACore: 
[10/03/2026-17:15:42] [I] Plugins:
[10/03/2026-17:15:42] [I] === Inference Options ===
[10/03/2026-17:15:42] [I] Batch: Explicit
[10/03/2026-17:15:42] [I] Input inference shape: input=1x3x256x256
[10/03/2026-17:15:42] [I] Iterations: 10
[10/03/2026-17:15:42] [I] Duration: 3s (+ 200ms warm up)
[10/03/2026-17:15:42] [I] Sleep time: 0ms
[10/03/2026-17:15:42] [I] Idle time: 0ms
[10/03/2026-17:15:42] [I] Streams: 1
[10/03/2026-17:15:42] [I] ExposeDMA: Disabled
[10/03/2026-17:15:42] [I] Data transfers: Enabled
[10/03/2026-17:15:42] [I] Spin-wait: Disabled
[10/03/2026-17:15:42] [I] Multithreading: Disabled
[10/03/2026-17:15:42] [I] CUDA Graph: Disabled
[10/03/2026-17:15:42] [I] Separate profiling: Disabled
[10/03/2026-17:15:42] [I] Time Deserialize: Disabled
[10/03/2026-17:15:42] [I] Time Refit: Disabled
[10/03/2026-17:15:42] [I] NVTX verbosity: 0
[10/03/2026-17:15:42] [I] Persistent Cache Ratio: 0
[10/03/2026-17:15:42] [I] Inputs:
[10/03/2026-17:15:42] [I] === Reporting Options ===
[10/03/2026-17:15:42] [I] Verbose: Disabled
[10/03/2026-17:15:42] [I] Averages: 10 inferences
[10/03/2026-17:15:42] [I] Percentiles: 90,95,99
[10/03/2026-17:15:42] [I] Dump refittable layers:Disabled
[10/03/2026-17:15:42] [I] Dump output: Disabled
[10/03/2026-17:15:42] [I] Profile: Disabled
[10/03/2026-17:15:42] [I] Export timing to JSON file: 
[10/03/2026-17:15:42] [I] Export output to JSON file: 
[10/03/2026-17:15:42] [I] Export profile to JSON file: 
[10/03/2026-17:15:42] [I] 
[10/03/2026-17:15:42] [I] === Device Information ===
[10/03/2026-17:15:42] [I] Selected Device: Orin
[10/03/2026-17:15:42] [I] Compute Capability: 8.7
[10/03/2026-17:15:42] [I] SMs: 8
[10/03/2026-17:15:42] [I] Compute Clock Rate: 0.918 GHz
[10/03/2026-17:15:42] [I] Device Global Memory: 15503 MiB
[10/03/2026-17:15:42] [I] Shared Memory per SM: 164 KiB
[10/03/2026-17:15:42] [I] Memory Bus Width: 256 bits (ECC disabled)
[10/03/2026-17:15:42] [I] Memory Clock Rate: 0.918 GHz
[10/03/2026-17:15:42] [I] 
[10/03/2026-17:15:42] [I] TensorRT version: 8.5.2
[10/03/2026-17:15:42] [I] Engine loaded in 0.0251843 sec.
[10/03/2026-17:15:45] [I] [TRT] Loaded engine size: 6 MiB
[10/03/2026-17:15:51] [I] [TRT] [MemUsageChange] Init cuBLAS/cuBLASLt: CPU +535, GPU +521, now: CPU 820, GPU 5484 (MiB)
[10/03/2026-17:15:52] [I] [TRT] [MemUsageChange] Init cuDNN: CPU +82, GPU +63, now: CPU 902, GPU 5547 (MiB)
[10/03/2026-17:15:52] [I] [TRT] [MemUsageChange] TensorRT-managed allocation in engine deserialization: CPU +0, GPU +6, now: CPU 0, GPU 6 (MiB)
[10/03/2026-17:15:52] [I] Engine deserialized in 9.30766 sec.
[10/03/2026-17:15:52] [I] [TRT] [MemUsageChange] Init cuBLAS/cuBLASLt: CPU +0, GPU +0, now: CPU 902, GPU 5547 (MiB)
[10/03/2026-17:15:52] [I] [TRT] [MemUsageChange] Init cuDNN: CPU +0, GPU +0, now: CPU 902, GPU 5547 (MiB)
[10/03/2026-17:15:53] [I] [TRT] [MemUsageChange] TensorRT-managed allocation in IExecutionContext creation: CPU +0, GPU +153, now: CPU 0, GPU 159 (MiB)
[10/03/2026-17:15:53] [I] Setting persistentCacheLimit to 0 bytes.
[10/03/2026-17:15:53] [I] Using random values for input input
[10/03/2026-17:15:53] [I] Created input binding for input with dimensions 1x3x256x256
[10/03/2026-17:15:53] [I] Using random values for output output
[10/03/2026-17:15:53] [I] Created output binding for output with dimensions 1x1x256x256
[10/03/2026-17:15:53] [I] Starting inference
[10/03/2026-17:15:58] [I] Warmup completed 1 queries over 200 ms
[10/03/2026-17:15:58] [I] Timing trace has 10 queries over 0.92661 s
[10/03/2026-17:15:58] [I] 
[10/03/2026-17:15:58] [I] === Trace details ===
[10/03/2026-17:15:58] [I] Trace averages of 10 runs:
[10/03/2026-17:15:58] [I] Average on 10 runs - GPU latency: 89.0382 ms - Host latency: 89.2357 ms (enqueue 19.2546 ms)
[10/03/2026-17:15:58] [I] 
[10/03/2026-17:15:58] [I] === Performance summary ===
[10/03/2026-17:15:58] [I] Throughput: 10.792 qps
[10/03/2026-17:15:58] [I] Latency: min = 89.0298 ms, max = 89.4141 ms, mean = 89.2357 ms, median = 89.2734 ms, percentile(90%) = 89.3276 ms, percentile(95%) = 89.4141 ms, percentile(99%) = 89.4141 ms
[10/03/2026-17:15:58] [I] Enqueue Time: min = 17.8081 ms, max = 20.9629 ms, mean = 19.2546 ms, median = 19.178 ms, percentile(90%) = 20.6572 ms, percentile(95%) = 20.9629 ms, percentile(99%) = 20.9629 ms
[10/03/2026-17:15:58] [I] H2D Latency: min = 0.0932617 ms, max = 0.348633 ms, mean = 0.177197 ms, median = 0.168945 ms, percentile(90%) = 0.226562 ms, percentile(95%) = 0.348633 ms, percentile(99%) = 0.348633 ms
[10/03/2026-17:15:58] [I] GPU Compute Time: min = 88.6689 ms, max = 89.166 ms, mean = 89.0382 ms, median = 89.0779 ms, percentile(90%) = 89.1538 ms, percentile(95%) = 89.166 ms, percentile(99%) = 89.166 ms
[10/03/2026-17:15:58] [I] D2H Latency: min = 0.012207 ms, max = 0.0219727 ms, mean = 0.0202637 ms, median = 0.0209961 ms, percentile(90%) = 0.0214844 ms, percentile(95%) = 0.0219727 ms, percentile(99%) = 0.0219727 ms
[10/03/2026-17:15:58] [I] Total Host Walltime: 0.92661 s
[10/03/2026-17:15:58] [I] Total GPU Compute Time: 0.890382 s
[10/03/2026-17:15:58] [I] Explanations of the performance metrics are printed in the verbose logs.
[10/03/2026-17:15:58] [I] 
&&&& PASSED TensorRT.trtexec [TensorRT v8502] # /usr/src/tensorrt/bin/trtexec --loadEngine=test_best_fp32.engine --shapes=input:1x3x256x256
